// Jest Snapshot v1, https://goo.gl/fbAQLP

exports[`Тестирование компонента TaskWrapper: соответствие снимку 1`] = `
<div>
  <div><input type="checkbox"> <label></label></div>
  <div><input readonly="readonly" placeholder="" class=""> <button>
      edit
    </button></div> <button>×</button>
</div>
`;
