// Jest Snapshot v1, https://goo.gl/fbAQLP

exports[`Тестирование компонента TaskWrapper: соответствие снимку 1`] = `
<div>
  <div><input id="1" type="checkbox"> <label for="1"></label></div>
  <div><input readonly="readonly" placeholder="Task 1" class=""> <button>
      edit
    </button></div> <button>×</button>
</div>
`;
